// Jest Snapshot v1, https://goo.gl/fbAQLP

exports[`Pruebas en GifItem Debe hacer match con el snapshot  1`] = `
<div>
  <div
    class="card"
  >
    <img
      alt="Honoka Kousaka"
      src="https://lovelive.com"
    />
    <p>
      Honoka Kousaka
    </p>
  </div>
</div>
`;
